// Jest Snapshot v1, https://goo.gl/fbAQLP

exports[`Calculator component snapshot 1`] = `
Array [
  <p
    className="math-title"
  >
    Let\`s do some math!
  </p>,
  <div
    className="container"
  >
    <div
      className="numInput"
    >
      0
    </div>
    <div
      className="rows-contanier"
    >
      <div
        className="horizontal-rows"
      >
        <button
          className="num-buttons"
          onClick={[Function]}
          type="button"
        >
          AC
        </button>
        <button
          className="num-buttons"
          onClick={[Function]}
          type="button"
        >
          +/-
        </button>
        <button
          className="num-buttons"
          onClick={[Function]}
          type="button"
        >
          %
        </button>
        <button
          className="sign-btn"
          onClick={[Function]}
          type="button"
        >
          +
        </button>
      </div>
      <div
        className="horizontal-rows"
      >
        <button
          className="num-buttons"
          onClick={[Function]}
          type="button"
        >
          7
        </button>
        <button
          className="num-buttons"
          onClick={[Function]}
          type="button"
        >
          8
        </button>
        <button
          className="num-buttons"
          onClick={[Function]}
          type="button"
        >
          9
        </button>
        <button
          className="sign-btn"
          onClick={[Function]}
          type="button"
        >
          x
        </button>
      </div>
      <div
        className="horizontal-rows"
      >
        <button
          className="num-buttons"
          onClick={[Function]}
          type="button"
        >
          4
        </button>
        <button
          className="num-buttons"
          onClick={[Function]}
          type="button"
        >
          5
        </button>
        <button
          className="num-buttons"
          onClick={[Function]}
          type="button"
        >
          6
        </button>
        <button
          className="sign-btn"
          onClick={[Function]}
          type="button"
        >
          -
        </button>
      </div>
      <div
        className="horizontal-rows"
      >
        <button
          className="num-buttons"
          onClick={[Function]}
          type="button"
        >
          1
        </button>
        <button
          className="num-buttons"
          onClick={[Function]}
          type="button"
        >
          2
        </button>
        <button
          className="num-buttons"
          onClick={[Function]}
          type="button"
        >
          3
        </button>
        <button
          className="sign-btn"
          onClick={[Function]}
          type="button"
        >
          +
        </button>
      </div>
      <div
        className="horizontal-rows"
      >
        <button
          className="num-zero"
          onClick={[Function]}
          type="button"
        >
          0
        </button>
        <button
          className="num-buttons"
          onClick={[Function]}
          type="button"
        >
          .
        </button>
        <button
          className="sign-btn"
          onClick={[Function]}
          type="button"
        >
          =
        </button>
      </div>
    </div>
  </div>,
]
`;
